// Jest Snapshot v1, https://goo.gl/fbAQLP

exports[`<Button /> renders correctly 1`] = `
<button
  className="
        bg-purple-200 text-white hover:bg-purple-100 py-3.5 px-4 rounded-3xl duration-300 font-bold text-sm"
  onClick={[Function]}
  type="button"
>
  Content
</button>
`;
